== Esperando a que oralab-26ai este healthy (max. 5 min) ==
 intento 1: healthy
== Estado final ==
oralab-26ai         Up 7 minutes (healthy)
== Registro de arranque (docker logs) ==
Starting Oracle Net Listener.
Oracle Net Listener started.
Starting Oracle AI Database instance FREE.
Oracle AI Database instance FREE started.

The Oracle base remains unchanged with value /opt/oracle

SQL*Plus: Release 23.26.3.0.0 - Production on Sat Oct 3 09:12:50 2026
Version 23.26.3.0.0

Copyright (c) 1982, 2026, Oracle.  All rights reserved.


Connected to:
Oracle AI Database 26ai Free Release 23.26.3.0.0 - Develop, Learn, and Run for Free
Version 23.26.3.0.0

SQL> 
User altered.

SQL> 
User altered.

SQL> 
Session altered.

SQL> 
User altered.

SQL> Disconnected from Oracle AI Database 26ai Free Release 23.26.3.0.0 - Develop, Learn, and Run for Free
Version 23.26.3.0.0
#########################
DATABASE IS READY TO USE!
#########################
The following output is now a tail of the alert.log:
FREEPDB1(3):Autotune of undo retention is turned on. 
2026-10-03T09:12:49.485275+00:00
FREEPDB1(3):Opening pdb with Resource Manager plan: DEFAULT_PLAN
Completed: Pluggable database FREEPDB1 opened read write 
Completed: ALTER DATABASE OPEN
2026-10-03T09:12:50.488464+00:00
--ATTENTION--
Time stalled at 227698816
2026-10-03T09:12:50.638326+00:00
FREEPDB1(3):TABLE AUDSYS.AUD$UNIFIED: ADDED INTERVAL PARTITION SYS_P496 (4478) VALUES LESS THAN (TIMESTAMP' 2026-10-04 00:00:00')
2026-10-03T09:12:51.565961+00:00
--ATTENTION--
Time stall, backward drift ended at 1791018771 with drift 1000000
2026-10-03T09:12:52.603870+00:00
===========================================================
Dumping current patch information
===========================================================
No patches have been applied
===========================================================
2026-10-03T09:12:53.517227+00:00
FREEPDB1(3):Resize operation completed for file# 13, fname /opt/oracle/oradata/FREE/FREEPDB1/sysaux01.dbf, old size 409600K, new size 419840K
2026-10-03T09:12:57.187418+00:00
TABLE SYS.WRP$_REPORTS: ADDED AUTOLIST FRAGMENT SYS_P656 (3) VALUES (( 1509902213, TO_DATE(' 2026-09-28 00:00:00', 'syyyy-mm-dd hh24:mi:ss', 'nls_calendar=gregorian') ))
TABLE SYS.WRP$_REPORTS_DETAILS: ADDED AUTOLIST FRAGMENT SYS_P657 (3) VALUES (( 1509902213, TO_DATE(' 2026-09-28 00:00:00', 'syyyy-mm-dd hh24:mi:ss', 'nls_calendar=gregorian') ))
TABLE SYS.WRP$_REPORTS_TIME_BANDS: ADDED AUTOLIST FRAGMENT SYS_P660 (3) VALUES (( 1509902213, TO_DATE(' 2026-09-28 00:00:00', 'syyyy-mm-dd hh24:mi:ss', 'nls_calendar=gregorian') ))
2026-10-03T09:13:19.968582+00:00
--ATTENTION--
Time stalled at 256698816
2026-10-03T09:13:21.003135+00:00
--ATTENTION--
Time stall, backward drift ended at 1791018801 with drift 2000000
2026-10-03T09:13:48.514267+00:00
--ATTENTION--
Time stalled at 285698816
2026-10-03T09:13:49.547703+00:00
--ATTENTION--
Time stall, backward drift ended at 1791018829 with drift 1000000
2026-10-03T09:14:18.675994+00:00
--ATTENTION--
Time stalled at 315698816
2026-10-03T09:14:19.709834+00:00
--ATTENTION--
Time stall, backward drift ended at 1791018859 with drift 1000000
2026-10-03T09:15:06.900524+00:00
Resize operation completed for file# 3, fname /opt/oracle/oradata/FREE/sysaux01.dbf, old size 624640K, new size 655360K
2026-10-03T09:15:16.902739+00:00
--ATTENTION--
Time stalled at 373698816
2026-10-03T09:15:17.938929+00:00
--ATTENTION--
Time stall, backward drift ended at 1791018917 with drift 1000000
2026-10-03T09:15:45.379567+00:00
--ATTENTION--
Time stalled at 402698816
2026-10-03T09:15:46.416901+00:00
--ATTENTION--
Time stall, backward drift ended at 1791018946 with drift 1000000
2026-10-03T09:16:14.911430+00:00
--ATTENTION--
Time stalled at 431698816
2026-10-03T09:16:15.948056+00:00
--ATTENTION--
Time stall, backward drift ended at 1791018975 with drift 1000000
2026-10-03T09:16:44.415930+00:00
--ATTENTION--
Time stalled at 461698816
2026-10-03T09:16:45.454804+00:00
--ATTENTION--
Time stall, backward drift ended at 1791019005 with drift 1000000
2026-10-03T09:17:13.876899+00:00
--ATTENTION--
Time stalled at 490698816
2026-10-03T09:17:14.914337+00:00
--ATTENTION--
Time stall, backward drift ended at 1791019034 with drift 1000000
2026-10-03T09:17:42.931453+00:00
--ATTENTION--
Time stalled at 519698816
2026-10-03T09:17:43.386816+00:00
--ATTENTION--
Time stall, backward drift ended at 1791019063 with drift 1000000
2026-10-03T09:18:11.805952+00:00
--ATTENTION--
Time stalled at 548698816
2026-10-03T09:18:12.854252+00:00
--ATTENTION--
Time stall, backward drift ended at 1791019092 with drift 1000000
2026-10-03T09:18:41.236286+00:00
--ATTENTION--
Time stalled at 578698816
2026-10-03T09:18:42.272532+00:00
--ATTENTION--
Time stall, backward drift ended at 1791019122 with drift 1000000
2026-10-03T09:19:10.616677+00:00
--ATTENTION--
Time stalled at 607698816
2026-10-03T09:19:11.651579+00:00
--ATTENTION--
Time stall, backward drift ended at 1791019151 with drift 1000000
